// Jest Snapshot v1, https://goo.gl/fbAQLP

exports[`components/Common/<Canvas /> should render component 1`] = `
<PureCanvas
  contextRef={[Function]}
  height={100}
  width={100}
/>
`;
