// Jest Snapshot v1, https://goo.gl/fbAQLP

exports[`components/Pages/<Home /> should render component 1`] = `
<div
  className="home-page-container"
>
  <div
    className="basic-info-section"
  >
    <div
      className="left-column"
    >
      <img
        alt="Me"
        className="my-profile-photo"
        src="test-file-stub"
      />
    </div>
    <div
      className="right-column"
    >
      <p>
        Lorem ipsum dolor sit amet, consectetur adipiscing elit. Nunc turpis metus, lacinia dapibus ex non, ultricies ornare quam. Aliquam erat volutpat. Morbi convallis, purus ut vehicula rhoncus, mauris magna condimentum mauris, eget facilisis eros nulla sed justo. Aliquam fermentum eros ut tortor gravida finibus.
      </p>
    </div>
  </div>
  <div
    className="summary-section"
  >
    <h3>
      About me:
    </h3>
    <p>
      Lorem ipsum dolor sit amet, consectetur adipiscing elit. Nunc turpis metus, lacinia dapibus ex non, ultricies ornare quam. Aliquam erat volutpat. Morbi convallis, purus ut vehicula rhoncus, mauris magna condimentum mauris, eget facilisis eros nulla sed justo. Aliquam fermentum eros ut tortor gravida finibus.
    </p>
  </div>
  <div
    className="languages-section"
  >
    <h3>
      Languages I speak:
    </h3>
    <p>
      Lorem ipsum dolor sit amet, consectetur adipiscing elit. Nunc turpis metus, lacinia dapibus ex non, ultricies ornare quam. Aliquam erat volutpat. Morbi convallis, purus ut vehicula rhoncus, mauris magna condimentum mauris, eget facilisis eros nulla sed justo. Aliquam fermentum eros ut tortor gravida finibus.
    </p>
  </div>
  <div
    className="hobbies-section"
  >
    <h3>
      My hobbies:
    </h3>
    <p>
      Lorem ipsum dolor sit amet, consectetur adipiscing elit. Nunc turpis metus, lacinia dapibus ex non, ultricies ornare quam. Aliquam erat volutpat. Morbi convallis, purus ut vehicula rhoncus, mauris magna condimentum mauris, eget facilisis eros nulla sed justo. Aliquam fermentum eros ut tortor gravida finibus.
    </p>
  </div>
</div>
`;
