// Jest Snapshot v1, https://goo.gl/fbAQLP

exports[`hoc/layout should render component 1`] = `
<div
  className="container"
>
  <Header />
  <div>
    test
  </div>
  <Footer />
</div>
`;
