// Jest Snapshot v1, https://goo.gl/fbAQLP

exports[`components/Common/<EmptyView /> should render component with children 1`] = `
<div
  className="empty-view-container"
>
  This is a test
</div>
`;

exports[`components/Common/<EmptyView /> should render component without children 1`] = `
<div
  className="empty-view-container"
>
  <p>
    This section is dedicated to the information about my 
    test
    .
  </p>
  <p>
    For the moment you have not discovered anything regarding this topic. To get some info - ask the bot right question. When the bot gives you some related answer - the information will appear on this page. Ask more questions to collect more info! Good luck!
  </p>
  <p>
    If you are lazy and you do not want to play with the bot - here you can find a link to my 
    <a
      href="https://www.linkedin.com/in/kovalenkodmytro/"
      rel="noopener noreferrer"
      target="_blank"
    >
      LinkedIn
    </a>
     profile and see everything at once.
  </p>
  <p>
    Do not hesitate to contact me and share your opinion about this project! I will appreciate a lot any feedback even if it is negative! Thank you in advance! :)
  </p>
</div>
`;
